
> vps-backend@1.0.0 start
> node server.js

VPS Backend is running on http://0.0.0.0:5002
[Cache MISS] Starting new download for: https://www.instagram.com/p/C60k9p_yzp9/
Processing failed for https://www.instagram.com/p/C60k9p_yzp9/: {
  "shortMessage": "Command failed with exit code 1: /app/vps_backend/node_modules/yt-dlp-exec/bin/yt-dlp https://www.instagram.com/p/C60k9p_yzp9/ --no-check-certificate --user-agent Mozilla/5.0 (Windows NT 10.0; Win64; x64) AppleWebKit/537.36 (KHTML, like Gecko) Chrome/91.0.4472.124 Safari/537.36 --referer https://www.google.com/ --dump-single-json",
  "command": "/app/vps_backend/node_modules/yt-dlp-exec/bin/yt-dlp https://www.instagram.com/p/C60k9p_yzp9/ --no-check-certificate --user-agent Mozilla/5.0 (Windows NT 10.0; Win64; x64) AppleWebKit/537.36 (KHTML, like Gecko) Chrome/91.0.4472.124 Safari/537.36 --referer https://www.google.com/ --dump-single-json",
  "escapedCommand": "\"/app/vps_backend/node_modules/yt-dlp-exec/bin/yt-dlp\" \"https://www.instagram.com/p/C60k9p_yzp9/\" --no-check-certificate --user-agent \"Mozilla/5.0 (Windows NT 10.0; Win64; x64) AppleWebKit/537.36 (KHTML, like Gecko) Chrome/91.0.4472.124 Safari/537.36\" --referer \"https://www.google.com/\" --dump-single-json",
  "exitCode": 1,
  "stdout": "null",
  "stderr": "WARNING: [Instagram] C60k9p_yzp9: Instagram API is not granting access\nWARNING: [Instagram] C60k9p_yzp9: General metadata extraction failed (some metadata might be missing).\nWARNING: [Instagram] unable to extract shared data; please report this issue on  https://github.com/yt-dlp/yt-dlp/issues?q= , filling out the appropriate issue template. Confirm you are on the latest version using  yt-dlp -U\nWARNING: [Instagram] Main webpage is locked behind the login page. Retrying with embed webpage (some metadata might be missing).\nWARNING: [Instagram] unable to extract additional data; please report this issue on  https://github.com/yt-dlp/yt-dlp/issues?q= , filling out the appropriate issue template. Confirm you are on the latest version using  yt-dlp -U\nERROR: [Instagram] C60k9p_yzp9: Requested content is not available, rate-limit reached or login required. Use --cookies-from-browser or --cookies for the authentication. See  https://github.com/yt-dlp/yt-dlp/wiki/FAQ#how-do-i-pass-cookies-to-yt-dlp  for how to manually pass cookies",
  "failed": true,
  "timedOut": false,
  "isCanceled": false,
  "killed": false
}
[Job e7081e49-6d83-4147-9dc8-b4643918b5d3] Processing failed: Command failed with exit code 1: /app/vps_backend/node_modules/yt-dlp-exec/bin/yt-dlp https://www.instagram.com/p/C60k9p_yzp9/ --no-check-certificate --user-agent Mozilla/5.0 (Windows NT 10.0; Win64; x64) AppleWebKit/537.36 (KHTML, like Gecko) Chrome/91.0.4472.124 Safari/537.36 --referer https://www.google.com/ --dump-single-json
WARNING: [Instagram] C60k9p_yzp9: Instagram API is not granting access
WARNING: [Instagram] C60k9p_yzp9: General metadata extraction failed (some metadata might be missing).
WARNING: [Instagram] unable to extract shared data; please report this issue on  https://github.com/yt-dlp/yt-dlp/issues?q= , filling out the appropriate issue template. Confirm you are on the latest version using  yt-dlp -U
WARNING: [Instagram] Main webpage is locked behind the login page. Retrying with embed webpage (some metadata might be missing).
WARNING: [Instagram] unable to extract additional data; please report this issue on  https://github.com/yt-dlp/yt-dlp/issues?q= , filling out the appropriate issue template. Confirm you are on the latest version using  yt-dlp -U
ERROR: [Instagram] C60k9p_yzp9: Requested content is not available, rate-limit reached or login required. Use --cookies-from-browser or --cookies for the authentication. See  https://github.com/yt-dlp/yt-dlp/wiki/FAQ#how-do-i-pass-cookies-to-yt-dlp  for how to manually pass cookies
null
